// Jest Snapshot v1, https://goo.gl/fbAQLP

exports[`SearchResults Renders as expected 1`] = `
<p
  className="results"
>
  <img
    className="image"
  />
  <img
    className="image"
  />
  <img
    className="image"
  />
</p>
`;
